ACY32014.1,ACY32014.1,100.00,1e-113,100,  320
ACY32015.1,ACY32015.1,100.00,0.0,100,  761
ACY32015.1,ACY34141.1,28.98,2e-46,99,  163
ACY32016.1,ACY32016.1,100.00,0.0,100,  997
ACY32017.1,ACY32017.1,100.00,5e-177,100,  488
ACY32017.1,ACY31364.1,39.75,9e-50,98,  164
ACY32017.1,ACY31718.1,40.34,3e-46,96,  154
ACY32017.1,ACY33096.1,37.82,1e-42,96,  145
ACY32017.1,ACY32670.1,38.00,1e-40,97,  140
ACY32017.1,ACY32571.1,37.45,4e-37,95,  131
ACY32017.1,ACY32035.1,35.80,9e-35,97,  124
ACY32017.1,ACY32018.1,37.25,1e-34,98,  124
ACY32017.1,ACY32463.1,35.48,4e-34,97,  124
ACY32017.1,ACY32041.1,36.40,5e-33,98,  119
ACY32017.1,ACY32814.1,36.58,9e-33,98,  119
ACY32017.1,ACY35358.1,33.74,2e-32,98,  118
ACY32017.1,ACY31137.1,31.15,3e-31,95,  115
ACY32017.1,ACY32474.1,33.73,8e-31,98,  114
ACY32017.1,ACY32056.1,36.73,1e-30,98,  113
ACY32017.1,ACY34527.1,32.81,9e-30,97,  111
ACY32017.1,ACY32510.1,33.07,2e-29,96,  110
ACY32017.1,ACY32721.1,33.08,3e-29,98,  110
ACY32017.1,ACY32073.1,32.40,7e-29,97,  108
ACY32017.1,ACY33450.1,31.75,2e-28,99,  107
ACY32017.1,ACY33196.1,34.14,4e-27,98,  103
ACY32017.1,ACY32160.1,32.67,6e-26,98,  100
ACY32017.1,ACY30752.1,30.99,6e-26,98,  100
ACY32017.1,ACY34077.1,34.73,8e-26,93,  101
ACY32018.1,ACY32018.1,100.00,0.0,100,  508
ACY32018.1,ACY31364.1,37.60,9e-43,95,  146
ACY32018.1,ACY32017.1,37.25,4e-36,95,  128
ACY32018.1,ACY32035.1,35.32,3e-34,96,  123
ACY32018.1,ACY33096.1,36.84,4e-34,94,  123
ACY32018.1,ACY32814.1,35.83,2e-33,95,  122
ACY32018.1,ACY33450.1,34.78,4e-33,97,  120
ACY32018.1,ACY34098.1,34.24,5e-33,95,  120
ACY32018.1,ACY32463.1,33.20,8e-33,96,  120
ACY32018.1,ACY32457.1,32.86,1e-31,98,  117
ACY32018.1,ACY32670.1,32.94,2e-31,96,  116
ACY32018.1,ACY35358.1,33.60,5e-31,95,  115
ACY32018.1,ACY32474.1,35.77,8e-31,96,  114
ACY32018.1,ACY31718.1,34.17,6e-30,94,  112
ACY32018.1,ACY31137.1,34.63,9e-30,96,  111
ACY32018.1,ACY32510.1,32.13,1e-29,96,  111
ACY32018.1,ACY32056.1,35.71,6e-29,96,  109
ACY32018.1,ACY32471.1,31.30,8e-28,95,  106
ACY32018.1,ACY33196.1,36.80,2e-27,95,  105
ACY32018.1,ACY35356.1,31.52,1e-26,94,  103
ACY32019.1,ACY32019.1,100.00,1e-159,100,  441
ACY32020.1,ACY32020.1,100.00,0.0,100,  741
ACY32020.1,ACY30780.1,41.96,3e-91,97,  279
ACY32020.1,ACY33851.1,42.08,3e-85,99,  264
ACY32020.1,ACY33324.1,34.15,3e-28,64,  111
ACY32020.1,ACY32066.1,29.86,2e-27,90,  111
ACY32021.1,ACY32021.1,100.00,0.0,100,  596
ACY32022.1,ACY32022.1,100.00,0.0,100,  603
ACY32023.1,ACY32023.1,100.00,0.0,100,  527
ACY32024.1,ACY32024.1,100.00,0.0,100,  628
ACY32025.1,ACY32025.1,100.00,0.0,100,  734
ACY32025.1,ACY34501.1,29.77,7e-39,94,  140
ACY32026.1,ACY32026.1,100.00,0.0,100,  512
ACY32026.1,ACY34802.1,31.01,1e-28,100,  108
ACY32027.1,ACY32027.1,100.00,0.0,100,  793
ACY32027.1,ACY32034.1,37.97,7e-73,99,  233
ACY32027.1,ACY31619.1,33.17,3e-67,99,  218
ACY32027.1,ACY34507.1,33.82,3e-67,99,  218
ACY32027.1,ACY32084.1,31.47,5e-61,97,  202
ACY32027.1,ACY32045.1,32.49,1e-50,99,  179
ACY32027.1,ACY32081.1,33.08,3e-49,99,  171
ACY32027.1,ACY32944.1,31.44,1e-42,99,  152
ACY32027.1,ACY33540.1,27.16,9e-29,100,  113
ACY32028.1,ACY32028.1,100.00,0.0,100,  775
ACY32028.1,ACY32033.1,29.46,7e-41,84,  148
ACY32028.1,ACY31618.1,27.09,5e-30,87,  116
ACY32029.1,ACY32029.1,100.00,0.0,100,  791
ACY32029.1,ACY31429.1,39.13,5e-78,99,  247
ACY32029.1,ACY33672.1,39.18,3e-76,99,  241
ACY32029.1,ACY32042.1,37.82,5e-66,92,  214
ACY32029.1,ACY31233.1,36.83,7e-66,98,  215
ACY32029.1,ACY34949.1,34.49,1e-60,99,  201
ACY32029.1,ACY30776.1,34.65,3e-60,99,  200
ACY32029.1,ACY33097.1,36.36,6e-55,98,  186
ACY32029.1,ACY33699.1,34.25,4e-54,99,  183
ACY32029.1,ACY34508.1,33.00,3e-51,99,  176
ACY32029.1,ACY32037.1,32.68,2e-48,98,  169
ACY32030.1,ACY32030.1,100.00,0.0,100, 1059
ACY32030.1,ACY32031.1,65.30,0.0,98,  666
ACY32031.1,ACY32031.1,100.00,0.0,100, 1085
ACY32031.1,ACY32030.1,64.49,0.0,98,  647
ACY32032.1,ACY32032.1,100.00,0.0,100,  592
ACY32032.1,ACY34077.1,41.94,1e-44,70,  153
ACY32032.1,ACY32457.1,35.64,4e-33,63,  122
ACY32032.1,ACY33096.1,33.06,4e-33,83,  121
ACY32032.1,ACY31718.1,31.12,1e-29,81,  111
ACY32032.1,ACY32017.1,33.61,6e-26,82,  101
ACY32033.1,ACY32033.1,100.00,0.0,100,  791
ACY32033.1,ACY32045.1,31.77,5e-43,94,  158
ACY32033.1,ACY32028.1,29.46,7e-41,88,  148
ACY32033.1,ACY32085.1,30.58,7e-37,90,  136
ACY32033.1,ACY31618.1,29.49,2e-34,87,  130
ACY32034.1,ACY32034.1,100.00,0.0,100,  799
ACY32034.1,ACY32027.1,37.97,7e-73,100,  233
ACY32034.1,ACY31619.1,34.42,1e-63,97,  209
ACY32034.1,ACY34507.1,32.45,1e-55,99,  188
ACY32034.1,ACY32084.1,30.39,1e-44,97,  158
ACY32034.1,ACY32045.1,30.50,6e-43,99,  158
ACY32034.1,ACY32081.1,32.15,9e-41,97,  148
ACY32034.1,ACY32944.1,33.47,4e-35,63,  132
ACY32035.1,ACY32035.1,100.00,0.0,100,  531
ACY32035.1,ACY32017.1,35.80,1e-34,93,  124
ACY32035.1,ACY32018.1,35.32,7e-31,95,  114
ACY32035.1,ACY31364.1,33.73,1e-30,93,  114
ACY32035.1,ACY31718.1,33.06,6e-29,93,  109
ACY32035.1,ACY31137.1,32.81,1e-28,94,  108
ACY32035.1,ACY32721.1,31.35,6e-27,92,  104
ACY32035.1,ACY32670.1,31.60,7e-26,92,  101
ACY32036.1,ACY32036.1,100.00,8e-119,100,  334
ACY32036.1,ACY34692.1,50.34,3e-47,91,  151
ACY32037.1,ACY32037.1,100.00,0.0,100,  859
ACY32037.1,ACY33699.1,54.75,4e-143,94,  415
ACY32037.1,ACY34508.1,55.20,1e-135,94,  396
ACY32037.1,ACY34949.1,39.81,6e-83,95,  261
ACY32037.1,ACY33672.1,37.63,1e-74,93,  238
ACY32037.1,ACY31429.1,37.89,2e-65,94,  215
ACY32037.1,ACY30776.1,36.21,5e-65,94,  214
ACY32037.1,ACY31233.1,35.22,7e-60,93,  200
ACY32037.1,ACY33097.1,38.24,2e-58,94,  196
ACY32037.1,ACY32042.1,36.44,3e-57,83,  192
ACY32037.1,ACY32029.1,32.68,3e-51,93,  177
ACY32038.1,ACY32038.1,100.00,0.0,100,  860
ACY32038.1,ACY32569.1,57.69,8e-178,100,  504
ACY32038.1,ACY34904.1,57.73,6e-169,99,  482
ACY32039.1,ACY32039.1,100.00,0.0,100, 1055
ACY32039.1,ACY34780.1,75.15,0.0,96,  770
ACY32039.1,ACY33756.1,32.38,9e-75,91,  246
ACY32039.1,ACY32010.1,34.90,1e-31,37,  122
ACY32039.1,ACY33081.1,41.32,2e-31,32,  118
ACY32039.1,ACY33136.1,43.27,2e-31,33,  119
ACY32039.1,ACY34758.1,40.66,3e-31,35,  123
ACY32039.1,ACY31739.1,39.41,6e-31,33,  120
ACY32039.1,ACY32573.1,35.05,2e-29,38,  116
ACY32039.1,ACY35100.1,41.82,2e-29,32,  118
ACY32039.1,ACY33602.1,37.28,7e-28,33,  113
ACY32040.1,ACY32040.1,100.00,0.0,100,  773
ACY32040.1,ACY33836.1,28.93,2e-36,99,  135
ACY32040.1,ACY32417.1,30.79,3e-36,98,  135
ACY32040.1,ACY30904.1,29.62,1e-35,99,  134
ACY32040.1,ACY34104.1,29.97,8e-31,90,  119
ACY32040.1,ACY32940.1,26.67,3e-28,99,  111
ACY32040.1,ACY32941.1,26.28,3e-27,99,  108
ACY32040.1,ACY34360.1,26.70,9e-27,99,  107
ACY32040.1,ACY32526.1,27.20,3e-26,96,  105
ACY32041.1,ACY32041.1,100.00,0.0,100,  498
ACY32041.1,ACY32017.1,36.40,8e-37,98,  130
ACY32041.1,ACY32670.1,32.66,1e-29,98,  111
ACY32041.1,ACY33450.1,33.99,2e-28,98,  108
ACY32041.1,ACY31718.1,33.33,4e-28,96,  106
ACY32041.1,ACY32814.1,33.33,5e-28,97,  107
ACY32041.1,ACY35358.1,32.39,2e-27,98,  105
ACY32042.1,ACY32042.1,100.00,0.0,100,  766
ACY32042.1,ACY33672.1,38.30,9e-73,99,  232
ACY32042.1,ACY32029.1,37.82,8e-69,99,  222
ACY32042.1,ACY30776.1,37.16,4e-64,94,  210
ACY32042.1,ACY34949.1,35.77,1e-62,97,  206
ACY32042.1,ACY33699.1,34.29,7e-60,98,  199
ACY32042.1,ACY34508.1,35.11,2e-59,98,  198
ACY32042.1,ACY32037.1,36.44,1e-56,93,  191
ACY32042.1,ACY33097.1,37.93,2e-55,95,  187
ACY32042.1,ACY31429.1,36.04,3e-53,99,  181
ACY32042.1,ACY31233.1,32.28,1e-47,96,  166
ACY32043.1,ACY32043.1,100.00,0.0,100, 1454
ACY32043.1,ACY34509.1,31.95,3e-97,95,  317
ACY32043.1,ACY33700.1,31.31,8e-92,99,  301
ACY32043.1,ACY35054.1,38.65,1e-55,39,  191
ACY32043.1,ACY34802.1,35.15,3e-28,28,  112
ACY32044.1,ACY32044.1,100.00,0.0,100, 1161
ACY32044.1,ACY32673.1,38.15,2e-118,95,  362
ACY32044.1,ACY35053.1,40.15,6e-113,94,  348
ACY32044.1,ACY31031.1,36.43,2e-98,95,  310
ACY32045.1,ACY32045.1,100.00,0.0,100, 1631
ACY32045.1,ACY31619.1,33.01,4e-51,49,  182
ACY32045.1,ACY32084.1,33.91,8e-51,48,  181
ACY32045.1,ACY32027.1,32.49,3e-50,49,  179
ACY32045.1,ACY34507.1,30.58,3e-44,49,  162
ACY32045.1,ACY32033.1,31.77,1e-42,46,  158
ACY32045.1,ACY32034.1,30.50,1e-42,49,  158
ACY32045.1,ACY32085.1,32.96,6e-35,43,  135
ACY32045.1,ACY32081.1,28.86,4e-31,49,  124
ACY32045.1,ACY32944.1,31.76,8e-30,31,  120
ACY32045.1,ACY31618.1,28.53,1e-27,43,  113
ACY32046.1,ACY32046.1,100.00,0.0,100,  893
ACY32046.1,ACY32054.1,41.90,2e-119,92,  357
ACY32046.1,ACY32050.1,38.66,4e-71,94,  232
ACY32047.1,ACY32047.1,100.00,0.0,100, 1109
ACY32047.1,ACY32455.1,29.96,4e-48,94,  174
ACY32047.1,ACY31247.1,24.56,3e-39,95,  148
ACY32047.1,ACY32869.1,26.64,2e-35,94,  137
ACY32047.1,ACY35365.1,23.67,9e-32,93,  126
ACY32047.1,ACY35539.1,25.14,7e-28,95,  114
ACY32048.1,ACY32048.1,100.00,1e-97,100,  278
ACY32049.1,ACY32049.1,100.00,0.0,100, 1174
ACY32050.1,ACY32050.1,100.00,0.0,100,  885
ACY32050.1,ACY32046.1,38.66,4e-79,93,  253
ACY32050.1,ACY32054.1,35.84,4e-74,90,  240
ACY32051.1,ACY32051.1,100.00,0.0,100,  499
ACY32052.1,ACY32052.1,100.00,0.0,100,  774
ACY32053.1,ACY32053.1,100.00,0.0,100,  567
ACY32054.1,ACY32054.1,100.00,0.0,100,  890
ACY32054.1,ACY32046.1,41.90,3e-117,95,  352
ACY32054.1,ACY32050.1,35.84,9e-64,92,  213
ACY32055.1,ACY32055.1,100.00,0.0,100,  971
ACY32055.1,ACY31788.1,38.91,2e-107,97,  328
ACY32055.1,ACY31899.1,32.02,5e-39,72,  145
ACY32055.1,ACY34216.1,30.24,2e-38,80,  144
ACY32055.1,ACY31888.1,31.71,2e-37,75,  141
ACY32055.1,ACY33897.1,28.20,3e-33,87,  129
ACY32055.1,ACY31339.1,26.87,7e-31,88,  121
ACY32055.1,ACY30944.1,28.12,4e-30,91,  119
ACY32055.1,ACY35354.1,29.66,2e-29,72,  117
ACY32056.1,ACY32056.1,100.00,0.0,100,  513
ACY32056.1,ACY32017.1,36.73,1e-34,94,  124
ACY32056.1,ACY31364.1,34.84,2e-33,94,  121
ACY32056.1,ACY33196.1,33.47,1e-31,94,  116
ACY32056.1,ACY32463.1,31.89,7e-31,96,  115
ACY32056.1,ACY32018.1,35.57,1e-30,95,  114
ACY32056.1,ACY32571.1,35.74,4e-29,88,  110
ACY32056.1,ACY33450.1,33.20,5e-29,96,  109
ACY32056.1,ACY34098.1,31.40,3e-27,95,  105
ACY32056.1,ACY35358.1,30.65,1e-26,94,  103
ACY32056.1,ACY31137.1,33.73,2e-26,94,  102
ACY32057.1,ACY32057.1,100.00,0.0,100,  632
ACY32057.1,ACY34457.1,29.97,3e-44,92,  153
ACY32057.1,ACY35426.1,32.21,2e-42,95,  148
ACY32057.1,ACY32817.1,32.20,4e-42,94,  147
ACY32057.1,ACY34365.1,32.46,6e-42,94,  147
ACY32057.1,ACY34486.1,29.55,2e-40,93,  143
ACY32057.1,ACY31686.1,30.07,1e-39,95,  140
ACY32057.1,ACY32861.1,31.31,7e-37,94,  133
ACY32057.1,ACY34354.1,31.80,3e-36,93,  132
ACY32057.1,ACY34659.1,33.78,3e-36,93,  131
ACY32057.1,ACY30993.1,30.00,3e-34,91,  126
ACY32057.1,ACY34008.1,26.78,8e-32,95,  119
ACY32057.1,ACY35292.1,27.48,2e-28,94,  110
ACY32057.1,ACY34210.1,29.76,6e-27,92,  105
ACY32057.1,ACY32072.1,27.85,2e-26,93,  104
ACY32057.1,ACY31931.1,28.52,4e-26,94,  103
ACY32057.1,ACY33320.1,27.61,5e-26,92,  103
ACY32057.1,ACY34905.1,25.77,7e-26,92,  102
ACY32058.1,ACY32058.1,100.00,6e-157,100,  435
ACY32059.1,ACY32059.1,100.00,0.0,100,  605
ACY32060.1,ACY32060.1,100.00,2e-96,100,  275
ACY32061.1,ACY32061.1,100.00,2e-55,100,  167
ACY32062.1,ACY32062.1,100.00,5e-174,100,  479
ACY32063.1,ACY32063.1,100.00,6e-118,100,  332
ACY32064.1,ACY32064.1,100.00,3e-117,100,  329
ACY32064.1,ACY33350.1,75.32,2e-80,100,  236
ACY32065.1,ACY32065.1,100.00,5e-145,100,  403
ACY32066.1,ACY32066.1,100.00,0.0,100, 1458
ACY32066.1,ACY32067.1,28.64,9e-54,83,  194
ACY32066.1,ACY33324.1,28.46,6e-35,53,  135
ACY32066.1,ACY31136.1,31.90,2e-34,49,  137
ACY32066.1,ACY32020.1,29.86,4e-27,50,  111
ACY32066.1,ACY33851.1,27.70,7e-26,49,  107
ACY32067.1,ACY32067.1,100.00,0.0,100, 1381
ACY32067.1,ACY32066.1,28.64,2e-51,77,  187
ACY32067.1,ACY33324.1,29.62,7e-28,50,  113
ACY32067.1,ACY31136.1,27.25,3e-27,48,  114
ACY32068.1,ACY32068.1,100.00,0.0,100,  516
ACY32069.1,ACY32069.1,100.00,3e-83,100,  240
ACY32070.1,ACY32070.1,100.00,0.0,100,  624
ACY32071.1,ACY32071.1,100.00,7e-107,100,  302
ACY32072.1,ACY32072.1,100.00,0.0,100,  620
ACY32072.1,ACY32861.1,36.60,8e-63,99,  201
ACY32072.1,ACY34574.1,37.11,7e-50,96,  167
ACY32072.1,ACY31686.1,33.68,8e-47,95,  159
ACY32072.1,ACY30993.1,32.77,3e-44,97,  152
ACY32072.1,ACY34457.1,31.38,3e-42,95,  147
ACY32072.1,ACY32778.1,31.83,6e-42,94,  147
ACY32072.1,ACY34659.1,34.38,3e-41,91,  145
ACY32072.1,ACY35292.1,29.25,2e-39,95,  140
ACY32072.1,ACY32817.1,31.74,5e-36,96,  131
ACY32072.1,ACY33880.1,33.56,8e-36,95,  130
ACY32072.1,ACY34905.1,31.10,1e-34,96,  127
ACY32072.1,ACY34008.1,29.37,4e-34,94,  125
ACY32072.1,ACY34486.1,29.79,5e-34,95,  125
ACY32072.1,ACY35426.1,31.29,4e-33,96,  123
ACY32072.1,ACY31931.1,33.98,2e-31,68,  118
ACY32072.1,ACY33320.1,28.57,2e-31,95,  118
ACY32072.1,ACY34464.1,30.53,3e-31,89,  118
ACY32072.1,ACY33285.1,42.47,4e-31,48,  113
ACY32072.1,ACY35402.1,28.91,2e-30,95,  115
ACY32072.1,ACY34210.1,28.52,3e-26,95,  103
ACY32073.1,ACY32073.1,100.00,0.0,100,  509
ACY32073.1,ACY31718.1,36.86,4e-36,99,  128
ACY32073.1,ACY32017.1,32.40,7e-31,97,  114
ACY32073.1,ACY32670.1,32.82,3e-30,99,  113
ACY32073.1,ACY33196.1,35.16,3e-29,96,  110
ACY32073.1,ACY32457.1,32.60,4e-29,97,  110
ACY32073.1,ACY31364.1,31.08,4e-28,97,  107
ACY32073.1,ACY35358.1,31.37,1e-27,98,  105
ACY32074.1,ACY32074.1,100.00,3e-96,100,  274
ACY32075.1,ACY32075.1,100.00,0.0,100,  548
ACY32075.1,ACY34802.1,43.92,6e-64,94,  202
ACY32075.1,ACY32946.1,34.38,6e-38,91,  134
ACY32075.1,ACY34946.1,28.19,3e-30,95,  113
ACY32075.1,ACY34916.1,31.64,1e-28,92,  108
ACY32075.1,ACY33835.1,30.92,5e-28,94,  107
ACY32076.1,ACY32076.1,100.00,0.0,100,  538
ACY32076.1,ACY32017.1,36.99,2e-32,91,  119
ACY32076.1,ACY32463.1,33.86,3e-31,91,  117
ACY32076.1,ACY32018.1,36.76,3e-31,91,  115
ACY32076.1,ACY35356.1,33.97,8e-30,91,  112
ACY32076.1,ACY31364.1,35.51,5e-28,89,  107
ACY32076.1,ACY32474.1,34.14,5e-27,89,  104
ACY32077.1,ACY32077.1,100.00,0.0,100,  655
ACY32078.1,ACY32078.1,100.00,0.0,100,  734
ACY32079.1,ACY32079.1,100.00,2e-100,100,  285
ACY32080.1,ACY32080.1,100.00,0.0,100,  817
ACY32080.1,ACY32093.1,29.80,1e-44,96,  159
ACY32080.1,ACY30755.1,30.00,6e-39,84,  142
ACY32081.1,ACY32081.1,100.00,0.0,100,  805
ACY32081.1,ACY31619.1,31.23,4e-57,98,  192
ACY32081.1,ACY34507.1,30.39,6e-51,99,  176
ACY32081.1,ACY32027.1,33.08,3e-49,99,  171
ACY32081.1,ACY32944.1,30.96,5e-43,98,  154
ACY32081.1,ACY32034.1,32.15,9e-41,97,  148
ACY32081.1,ACY32084.1,31.58,1e-40,89,  147
ACY32081.1,ACY32045.1,28.86,2e-31,99,  124
ACY32081.1,ACY32465.1,27.83,4e-30,83,  117
ACY32081.1,ACY32468.1,28.13,7e-30,89,  116
ACY32081.1,ACY31230.1,26.17,1e-28,95,  113
ACY32081.1,ACY31237.1,26.49,5e-28,96,  110
ACY32081.1,ACY30967.1,27.81,6e-28,95,  110
ACY32082.1,ACY32082.1,100.00,0.0,100, 1253
ACY32082.1,ACY30757.1,29.82,4e-48,92,  174
ACY32082.1,ACY31943.1,25.04,1e-27,91,  114
ACY32083.1,ACY32083.1,100.00,0.0,100,  719
ACY32083.1,ACY31227.1,38.62,1e-67,90,  217
ACY32084.1,ACY32084.1,100.00,0.0,100,  814
ACY32084.1,ACY31619.1,35.48,1e-71,99,  230
ACY32084.1,ACY34507.1,36.45,4e-70,99,  226
ACY32084.1,ACY32027.1,31.47,5e-61,99,  202
ACY32084.1,ACY32045.1,33.91,4e-51,99,  181
ACY32084.1,ACY32034.1,30.39,1e-44,99,  158
ACY32084.1,ACY32944.1,35.48,1e-40,62,  147
ACY32084.1,ACY32081.1,31.58,1e-40,89,  147
ACY32084.1,ACY32465.1,28.32,4e-27,83,  108
ACY32085.1,ACY32085.1,100.00,0.0,100,  751
ACY32085.1,ACY34506.1,34.66,3e-44,99,  157
ACY32085.1,ACY31618.1,31.22,5e-43,96,  153
ACY32085.1,ACY32033.1,30.58,7e-37,96,  136
ACY32085.1,ACY32045.1,32.96,3e-35,94,  135
ACY32085.1,ACY33532.1,31.90,1e-29,96,  115
ACY32085.1,ACY31237.1,27.52,3e-28,94,  111
ACY32085.1,ACY31230.1,28.26,8e-26,94,  104
ACY32086.1,ACY32086.1,100.00,0.0,100, 1153
ACY32086.1,ACY32106.1,29.55,6e-49,84,  177
ACY32086.1,ACY31247.1,27.77,2e-48,88,  176
ACY32086.1,ACY32869.1,28.50,4e-48,92,  174
ACY32086.1,ACY32455.1,29.28,8e-48,85,  173
ACY32086.1,ACY35539.1,29.01,1e-45,87,  166
ACY32086.1,ACY35150.1,26.29,2e-44,88,  163
ACY32086.1,ACY34096.1,31.21,7e-44,82,  161
ACY32086.1,ACY35365.1,27.59,4e-43,86,  160
ACY32086.1,ACY32553.1,28.78,1e-42,85,  158
ACY32086.1,ACY32470.1,29.12,8e-42,86,  155
ACY32086.1,ACY32472.1,27.36,9e-42,89,  155
ACY32086.1,ACY31943.1,29.78,4e-39,89,  147
ACY32086.1,ACY30757.1,29.13,6e-38,88,  144
ACY32086.1,ACY31489.1,27.14,4e-36,83,  138
ACY32086.1,ACY34996.1,24.50,1e-34,87,  134
ACY32086.1,ACY33709.1,26.48,4e-33,89,  130
ACY32086.1,ACY30843.1,25.20,2e-32,83,  128
ACY32086.1,ACY34497.1,26.82,9e-32,87,  125
ACY32086.1,ACY33043.1,25.66,1e-28,82,  117
ACY32087.1,ACY32087.1,100.00,0.0,100,  957
ACY32087.1,ACY32794.1,64.75,0.0,98,  614
ACY32087.1,ACY33134.1,62.53,0.0,100,  613
ACY32087.1,ACY32509.1,63.17,0.0,97,  612
ACY32088.1,ACY32088.1,100.00,0.0,100, 1017
ACY32089.1,ACY32089.1,100.00,0.0,100,  722
ACY32090.1,ACY32090.1,100.00,4e-112,100,  316
ACY32091.1,ACY32091.1,100.00,0.0,100, 1681
ACY32092.1,ACY32092.1,100.00,0.0,100,  679
ACY32093.1,ACY32093.1,100.00,0.0,100,  835
ACY32093.1,ACY30755.1,32.32,2e-51,95,  177
ACY32093.1,ACY32080.1,29.80,1e-44,97,  159
ACY32094.1,ACY32094.1,100.00,0.0,100,  529
ACY32095.1,ACY32095.1,100.00,4e-62,100,  184
ACY32096.1,ACY32096.1,100.00,0.0,100, 1417
ACY32096.1,ACY35002.1,29.62,6e-69,99,  240
ACY32096.1,ACY33789.1,30.21,2e-64,99,  226
ACY32096.1,ACY32347.1,28.75,1e-59,98,  213
ACY32096.1,ACY33202.1,26.34,5e-44,96,  166
ACY32096.1,ACY32633.1,25.97,1e-39,96,  152
ACY32096.1,ACY32829.1,24.31,9e-30,92,  123
ACY32097.1,ACY32097.1,100.00,0.0,100,  704
ACY32097.1,ACY33893.1,91.15,0.0,98,  619
ACY32098.1,ACY32098.1,100.00,0.0,100,  623
ACY32098.1,ACY33894.1,82.72,0.0,98,  525
ACY32099.1,ACY32099.1,100.00,0.0,100,  557
ACY32099.1,ACY33895.1,62.08,2e-94,89,  280
ACY32099.1,ACY33892.1,44.69,2e-54,82,  177
ACY32100.1,ACY32100.1,100.00,0.0,100,  580
ACY32100.1,ACY33896.1,30.19,6e-36,91,  129
ACY32101.1,ACY32101.1,100.00,0.0,100,  669
ACY32101.1,ACY30826.1,45.03,1e-40,46,  140
ACY32102.1,ACY32102.1,100.00,0.0,100,  835
ACY32103.1,ACY32103.1,100.00,0.0,100, 1178
ACY32104.1,ACY32104.1,100.00,0.0,100, 1177
ACY32105.1,ACY32105.1,100.00,0.0,100,  738
ACY32106.1,ACY32106.1,100.00,0.0,100, 1115
ACY32106.1,ACY31247.1,33.63,2e-93,95,  298
ACY32106.1,ACY35365.1,33.52,9e-77,95,  253
ACY32106.1,ACY32470.1,30.26,6e-74,94,  244
ACY32106.1,ACY32455.1,33.86,1e-73,91,  243
ACY32106.1,ACY35150.1,32.84,5e-71,96,  237
ACY32106.1,ACY35539.1,30.24,2e-67,92,  227
ACY32106.1,ACY34996.1,28.60,3e-63,97,  217
ACY32106.1,ACY32553.1,32.35,3e-63,91,  215
ACY32106.1,ACY32472.1,30.33,9e-62,93,  212
ACY32106.1,ACY31489.1,33.20,1e-61,89,  211
ACY32106.1,ACY32869.1,31.06,6e-61,96,  210
ACY32106.1,ACY34096.1,32.88,3e-58,93,  201
ACY32106.1,ACY31943.1,31.46,3e-55,97,  194
ACY32106.1,ACY33709.1,28.32,4e-55,91,  194
ACY32106.1,ACY30843.1,28.41,7e-53,94,  187
ACY32106.1,ACY32086.1,29.55,6e-51,88,  182
ACY32106.1,ACY30757.1,31.15,1e-49,95,  178
ACY32106.1,ACY34497.1,30.39,8e-44,95,  161
ACY32106.1,ACY33043.1,26.09,2e-38,90,  145
ACY32106.1,ACY31140.1,27.33,8e-35,92,  134
ACY32106.1,ACY32047.1,24.38,8e-26,91,  108
